The absolute path of the current directory is: /Users/samchung/Desktop/eCTF/Tufts-eCTF2024
Loading Bootloader to DAPLINK Interfaces....
Building Deployment to generate global_secrets.h....
Building Application Processor....
ERROR: Failed to build Application processor.
